<p>Vi har stor etterspørsel etter arbeidskraft til bransjen om dagen og trenger fortsatt dyktige medarbeidere som:</p>
<ul>
	<li>STEINLEGGERE</li>
	<li>FORSKALINGSSNEKKERE</li>
	<li>ANLEGGSGARTNERE,</li>
	<li>MASKINFØRERE FOR ANLEGGSMASKINER</li>
	<li>GRUNNARBEIDERE</li>
	<li>TØMRERE,</li>
	<li>ASFALTARBEIDERE</li>
	<li>HJELPEMENN med sertifikat på TELESKOPTRUCK (C1 eller C2),</li>
	<li>MALERE</li>
	<li>TÅRNKRANFØRERE</li>
</ul>
<p>Kriterier som blir vektlagt:</p>
<ul>
	<li>Erfaring fra tilsvarende arbeid</li>
	<li>Trives med å jobbe ute i frisk luft</li>
	<li>Løsningsorientert og fleksibel</li>
	<li>Samarbeidsvillig og selvgående</li>
	<li>Ansvarsfull og pliktoppfyllende</li>
	<li>Nordisk språk er et krav</li>
	<li>Førerkort kl B</li>
	<li>Arbeidsvillig og effektiv</li>
</ul>
<p><strong></strong><br />For vår kunde søker vi etter lagerarbeider<br /><br /><strong>Din profil</strong><br /></p>
<ul>
	<li>Truckførerbevis</li>
	<li>Erfaring fra lager</li>
	<li>Gjerne erfaring fra båtbransjen</li>
	<li>Serviceminded og godt humør</li>
	<li>Selvgående, effektiv og nøyaktig</li>
	<li>Gode norskkunnskaper</li>
	<li>vidergående skole</li>
	<li>God fysisk form, da jobben til tider er svært fysisk krevende</li>
</ul>
<p>Vi tilbyr:</p>
<ul>
	<li>Ryddige arbeidsforhold</li>
	<li>Varierte arbeidsoppgaver</li>
	<li>Fast arbeid for rett person</li>
	<li>Arbeidstid 0800-1600</li>
</ul>