<ul>
	<lh><strong></strong><br />Vi søker for tiden:</lh>
	<li>Mekaniker, Platearbeider, Sveiser, industrirørlegger, isolatører.</li>
</ul>
<ul>
	<lh>Passer dette for deg?</lh>
	<li>Ryddig og systematisk</li>
	<li>Service-minded og ha masse "go"</li>
	<li>Initiativrik, løsningsorientert og entusiastisk</li>
	<li>Resultatorientert</li>
	<li>Trives i et høyt tempo</li>
	<li>Kunne arbeide både i team så vel som selvstendig</li>
	<li>Ha god kommunikativ norsk, svensk eller engelsk</li>
	<li>Aktuel helseattest (for offshore stillinger)</li>
	<li>Varme arbeider</li>
	<li>Aktuelle kurser og attester i ordning for offshore/onshore industrien</li>
</ul>
<ul>
	<lh>Vi tilbyr:</lh>
	<li>Gode lønningsvilkår</li>
	<li>Utleie og rekruttering oppdrag i hele Norge og Sverige</li>
	<li>Ulike oppgaver - forretning og geografiske</li>
	<li>Korte og lange oppdrag</li>
	<li>Rekruttering til prosjekter</li>
	<li>Rekruttering til faste stillinger</li>
	<li>Du bestemmer selv hvor mye du vil jobbe</li>
</ul>
<p>
	For å øke dine sjanser til å arbeide hos våre kunder, ber vi deg om at du registrerer deg i vår kandidatdatabase, besøk vår hjemmeside www.rettbemanning.no
	Ønsker du mer informasjon, kontakte Astri Øvrebø på +47 91 36 89 62 eller på email post.ao@rettbemanning.no.
	Eller Pia Haikonen  på tlf: +47 95 29 04 15 eller post.ph@rettbemanning.no
</p>
<p>
	Obs!
	Kun aktuelle kandidater vil bli kontaktet.
	Kort om stillingen
	Firma	Rett Bemanning AS
	Nettside	Trykk her
</p>
<p>
	Sted	5506
	Haugesund
	Tittel	 Formann/bas
	Tiltredelse etter avtale
	Lønn	 etter avtale
	Sektor 	 onshore/offshore
	Varighet	Prosjekt
	Stillinger	15
</p>
<p>
	Søk på stillingen via mail
</p>
<p>
	Merkes	Bas/formann Offshore/onshore
</p>
<p>
	Frist	snarest<br /><br /><strong>Om Rett Bemanning</strong><br />Rett Bemanning er en av Nordens største bemanningsbyråkjeder med lokalt eide kontorer. Vår kjernevirksomhet er personalutvelgelse til faste stillinger, og formidling av vikarer til næringsliv og offentlig virksomhet. Rett Bemanning er spesialister på bemanning innen Helse, Kontor &amp; Administrasjon, Bygg &amp; Mekanikk, Transport &amp; Logistikk, It &amp; teknikk og Salg &amp; Service. Vårt mål er å være bransjens beste arbeidsgiver og rekrutteringspartner for våre medarbeidere
</p>