<p>
	&lt;strong&gt;&lt;/strong&gt;&lt;br /&gt;Arbeidet innebærer forebyggende vedlikehold og reparasjon av avanserte systemer med automasjon, mekanikk og elektro.
	Arbeidssted Gardermoen.&lt;br /&gt;&lt;br /&gt;&lt;strong&gt;Din profil&lt;/strong&gt;&lt;br /&gt;Du bør ha erfaring med service eller drift av elektroanlegg for industri eller andre anlegg inn automasjon/elektro/mekanikk.
	Du håndterer tekniske utfordringer på en ryddig og trygg måte.
	Fordel med fagbrev, men dette er ikke et krav.
	Du må kunne skaffe uttømmende politiattest (UPA)&lt;br /&gt;&lt;br /&gt;&lt;strong&gt;Om firmaet&lt;/strong&gt;&lt;br /&gt;Vår oppdragsgiver er en ledende leverandør av tekniske bygginstallasjoner og leverandør av service på tekniske installasjoner.Stillingen inngår i tre-skiftsordning med helkontinuerlig turnus.
</p>
<p>
	Spennede arbeidsoppgaver med teamarbeid på et høyt teknisk nivå.
	Godt arbeidsmiljø og trivelig arbeidsplass.
	Muligheter for senere fast ansettelse for rette person.&lt;br /&gt;&lt;br /&gt;&lt;strong&gt;Om Rett Bemanning&lt;/strong&gt;&lt;br /&gt;Rett Bemanning/StaffUp er et av Nordens største franchisebaserte rekrutterings- og bemanningsbyrå med hovedkontor i Oslo. Kjernevirksomheten er personalutvelgelse til faste stillinger, og formidling av vikarer til næringsliv og offentlig virksomhet. Vårt mål er å være bransjens beste arbeidsgiver og rekrutteringspartner for våre medarbeidere og kunder.  Vi oppnådde 40 % vekst i 2010. Rett Bemanning/StaffUp har i dag 33 lokalt eide kontorer i Norge og Sverige. www.rettbemanning.no&lt;br /&gt;&lt;br /&gt;</description>
</p>